// Jest Snapshot v1, https://goo.gl/fbAQLP

exports[`useQuery should fetch movies 1`] = `
Array [
  Array [
    Object {
      "page": 2,
      "per_page": 6,
    },
  ],
]
`;

exports[`useQuery should invoke the passed function when calling fetch 1`] = `
Array [
  Array [
    undefined,
  ],
]
`;
